Archive member included because of file (symbol)

c:/program files (x86)/gnu tools arm embedded/4.9 2015q1/bin/../lib/gcc/arm-none-eabi/4.9.3/../../../../arm-none-eabi/lib/armv7e-m\libm.a(lib_a-s_cos.o)
                              ..\obj\main.o (cos)
c:/program files (x86)/gnu tools arm embedded/4.9 2015q1/bin/../lib/gcc/arm-none-eabi/4.9.3/../../../../arm-none-eabi/lib/armv7e-m\libm.a(lib_a-s_sin.o)
                              ..\obj\main.o (sin)
c:/program files (x86)/gnu tools arm embedded/4.9 2015q1/bin/../lib/gcc/arm-none-eabi/4.9.3/../../../../arm-none-eabi/lib/armv7e-m\libm.a(lib_a-w_atan2.o)
                              ..\obj\main.o (atan2)
c:/program files (x86)/gnu tools arm embedded/4.9 2015q1/bin/../lib/gcc/arm-none-eabi/4.9.3/../../../../arm-none-eabi/lib/armv7e-m\libm.a(lib_a-e_atan2.o)
                              c:/program files (x86)/gnu tools arm embedded/4.9 2015q1/bin/../lib/gcc/arm-none-eabi/4.9.3/../../../../arm-none-eabi/lib/armv7e-m\libm.a(lib_a-w_atan2.o) (__ieee754_atan2)
c:/program files (x86)/gnu tools arm embedded/4.9 2015q1/bin/../lib/gcc/arm-none-eabi/4.9.3/../../../../arm-none-eabi/lib/armv7e-m\libm.a(lib_a-e_rem_pio2.o)
                              c:/program files (x86)/gnu tools arm embedded/4.9 2015q1/bin/../lib/gcc/arm-none-eabi/4.9.3/../../../../arm-none-eabi/lib/armv7e-m\libm.a(lib_a-s_cos.o) (__ieee754_rem_pio2)
c:/program files (x86)/gnu tools arm embedded/4.9 2015q1/bin/../lib/gcc/arm-none-eabi/4.9.3/../../../../arm-none-eabi/lib/armv7e-m\libm.a(lib_a-k_cos.o)
                              c:/program files (x86)/gnu tools arm embedded/4.9 2015q1/bin/../lib/gcc/arm-none-eabi/4.9.3/../../../../arm-none-eabi/lib/armv7e-m\libm.a(lib_a-s_cos.o) (__kernel_cos)
c:/program files (x86)/gnu tools arm embedded/4.9 2015q1/bin/../lib/gcc/arm-none-eabi/4.9.3/../../../../arm-none-eabi/lib/armv7e-m\libm.a(lib_a-k_rem_pio2.o)
                              c:/program files (x86)/gnu tools arm embedded/4.9 2015q1/bin/../lib/gcc/arm-none-eabi/4.9.3/../../../../arm-none-eabi/lib/armv7e-m\libm.a(lib_a-e_rem_pio2.o) (__kernel_rem_pio2)
c:/program files (x86)/gnu tools arm embedded/4.9 2015q1/bin/../lib/gcc/arm-none-eabi/4.9.3/../../../../arm-none-eabi/lib/armv7e-m\libm.a(lib_a-k_sin.o)
                              c:/program files (x86)/gnu tools arm embedded/4.9 2015q1/bin/../lib/gcc/arm-none-eabi/4.9.3/../../../../arm-none-eabi/lib/armv7e-m\libm.a(lib_a-s_cos.o) (__kernel_sin)
c:/program files (x86)/gnu tools arm embedded/4.9 2015q1/bin/../lib/gcc/arm-none-eabi/4.9.3/../../../../arm-none-eabi/lib/armv7e-m\libm.a(lib_a-s_atan.o)
                              c:/program files (x86)/gnu tools arm embedded/4.9 2015q1/bin/../lib/gcc/arm-none-eabi/4.9.3/../../../../arm-none-eabi/lib/armv7e-m\libm.a(lib_a-e_atan2.o) (atan)
c:/program files (x86)/gnu tools arm embedded/4.9 2015q1/bin/../lib/gcc/arm-none-eabi/4.9.3/../../../../arm-none-eabi/lib/armv7e-m\libm.a(lib_a-s_fabs.o)
                              c:/program files (x86)/gnu tools arm embedded/4.9 2015q1/bin/../lib/gcc/arm-none-eabi/4.9.3/../../../../arm-none-eabi/lib/armv7e-m\libm.a(lib_a-e_atan2.o) (fabs)
c:/program files (x86)/gnu tools arm embedded/4.9 2015q1/bin/../lib/gcc/arm-none-eabi/4.9.3/../../../../arm-none-eabi/lib/armv7e-m\libm.a(lib_a-s_floor.o)
                              c:/program files (x86)/gnu tools arm embedded/4.9 2015q1/bin/../lib/gcc/arm-none-eabi/4.9.3/../../../../arm-none-eabi/lib/armv7e-m\libm.a(lib_a-k_rem_pio2.o) (floor)
c:/program files (x86)/gnu tools arm embedded/4.9 2015q1/bin/../lib/gcc/arm-none-eabi/4.9.3/../../../../arm-none-eabi/lib/armv7e-m\libm.a(lib_a-s_scalbn.o)
                              c:/program files (x86)/gnu tools arm embedded/4.9 2015q1/bin/../lib/gcc/arm-none-eabi/4.9.3/../../../../arm-none-eabi/lib/armv7e-m\libm.a(lib_a-k_rem_pio2.o) (scalbn)
c:/program files (x86)/gnu tools arm embedded/4.9 2015q1/bin/../lib/gcc/arm-none-eabi/4.9.3/../../../../arm-none-eabi/lib/armv7e-m\libm.a(lib_a-s_copysign.o)
                              c:/program files (x86)/gnu tools arm embedded/4.9 2015q1/bin/../lib/gcc/arm-none-eabi/4.9.3/../../../../arm-none-eabi/lib/armv7e-m\libm.a(lib_a-s_scalbn.o) (copysign)
c:/program files (x86)/gnu tools arm embedded/4.9 2015q1/bin/../lib/gcc/arm-none-eabi/4.9.3/armv7e-m\libgcc.a(_arm_addsubdf3.o)
                              ..\obj\main.o (__aeabi_dsub)
c:/program files (x86)/gnu tools arm embedded/4.9 2015q1/bin/../lib/gcc/arm-none-eabi/4.9.3/armv7e-m\libgcc.a(_arm_muldivdf3.o)
                              ..\obj\conf.o (__aeabi_dmul)
c:/program files (x86)/gnu tools arm embedded/4.9 2015q1/bin/../lib/gcc/arm-none-eabi/4.9.3/armv7e-m\libgcc.a(_arm_cmpdf2.o)
                              c:/program files (x86)/gnu tools arm embedded/4.9 2015q1/bin/../lib/gcc/arm-none-eabi/4.9.3/../../../../arm-none-eabi/lib/armv7e-m\libm.a(lib_a-e_rem_pio2.o) (__aeabi_dcmpeq)
c:/program files (x86)/gnu tools arm embedded/4.9 2015q1/bin/../lib/gcc/arm-none-eabi/4.9.3/armv7e-m\libgcc.a(_arm_fixdfsi.o)
                              c:/program files (x86)/gnu tools arm embedded/4.9 2015q1/bin/../lib/gcc/arm-none-eabi/4.9.3/../../../../arm-none-eabi/lib/armv7e-m\libm.a(lib_a-e_rem_pio2.o) (__aeabi_d2iz)
c:/program files (x86)/gnu tools arm embedded/4.9 2015q1/bin/../lib/gcc/arm-none-eabi/4.9.3/armv7e-m\libgcc.a(_arm_fixunsdfsi.o)
                              ..\obj\conf.o (__aeabi_d2uiz)

Allocating common symbols
Common symbol       size              file

ddql_ref            0x8               ..\obj\main.o
jarak1              0x2               ..\obj\main.o
x_init              0x8               ..\obj\main.o
ddx_ref             0x8               ..\obj\main.o
ddshi_ref           0x8               ..\obj\main.o
speed_kiri          0x8               ..\obj\main.o
temp                0x8               ..\obj\main.o
ddqr_ref            0x8               ..\obj\main.o
shi_d               0x8               ..\obj\main.o
servo               0x4               ..\obj\main.o
ddy_ref             0x8               ..\obj\main.o
v                   0x8               ..\obj\main.o
y_d                 0x8               ..\obj\main.o
dx_d                0x8               ..\obj\main.o
jarak2              0x2               ..\obj\main.o
x_d                 0x8               ..\obj\main.o
wr                  0x8               ..\obj\main.o
wl                  0x8               ..\obj\main.o
y_init              0x8               ..\obj\main.o
speed_kanan         0x8               ..\obj\main.o
dy_d                0x8               ..\obj\main.o

Discarded input sections

 .text          0x00000000        0x0 ..\obj\stm32f30x_rcc.o
 .bss           0x00000000        0x0 ..\obj\stm32f30x_rcc.o
 .text.RCC_DeInit
                0x00000000       0x7c ..\obj\stm32f30x_rcc.o
 .text.RCC_HSEConfig
                0x00000000       0x24 ..\obj\stm32f30x_rcc.o
 .text.RCC_WaitForHSEStartUp
                0x00000000       0x50 ..\obj\stm32f30x_rcc.o
 .text.RCC_AdjustHSICalibrationValue
                0x00000000       0x3c ..\obj\stm32f30x_rcc.o
 .text.RCC_HSICmd
                0x00000000       0x20 ..\obj\stm32f30x_rcc.o
 .text.RCC_LSEConfig
                0x00000000       0x3c ..\obj\stm32f30x_rcc.o
 .text.RCC_LSEDriveConfig
                0x00000000       0x30 ..\obj\stm32f30x_rcc.o
 .text.RCC_LSICmd
                0x00000000       0x20 ..\obj\stm32f30x_rcc.o
 .text.RCC_PLLConfig
                0x00000000       0x34 ..\obj\stm32f30x_rcc.o
 .text.RCC_PLLCmd
                0x00000000       0x20 ..\obj\stm32f30x_rcc.o
 .text.RCC_PREDIV1Config
                0x00000000       0x38 ..\obj\stm32f30x_rcc.o
 .text.RCC_ClockSecuritySystemCmd
                0x00000000       0x20 ..\obj\stm32f30x_rcc.o
 .text.RCC_MCOConfig
                0x00000000       0x20 ..\obj\stm32f30x_rcc.o
 .text.RCC_SYSCLKConfig
                0x00000000       0x38 ..\obj\stm32f30x_rcc.o
 .text.RCC_GetSYSCLKSource
                0x00000000       0x20 ..\obj\stm32f30x_rcc.o
 .text.RCC_HCLKConfig
                0x00000000       0x38 ..\obj\stm32f30x_rcc.o
 .text.RCC_PCLK1Config
                0x00000000       0x38 ..\obj\stm32f30x_rcc.o
 .text.RCC_PCLK2Config
                0x00000000       0x38 ..\obj\stm32f30x_rcc.o
 .text.RCC_ADCCLKConfig
                0x00000000       0x4c ..\obj\stm32f30x_rcc.o
 .text.RCC_I2CCLKConfig
                0x00000000       0x4c ..\obj\stm32f30x_rcc.o
 .text.RCC_TIMCLKConfig
                0x00000000       0x4c ..\obj\stm32f30x_rcc.o
 .text.RCC_USARTCLKConfig
                0x00000000       0x98 ..\obj\stm32f30x_rcc.o
 .text.RCC_USBCLKConfig
                0x00000000       0x1c ..\obj\stm32f30x_rcc.o
 .text.RCC_RTCCLKConfig
                0x00000000       0x24 ..\obj\stm32f30x_rcc.o
 .text.RCC_I2SCLKConfig
                0x00000000       0x1c ..\obj\stm32f30x_rcc.o
 .text.RCC_RTCCLKCmd
                0x00000000       0x20 ..\obj\stm32f30x_rcc.o
 .text.RCC_BackupResetCmd
                0x00000000       0x20 ..\obj\stm32f30x_rcc.o
 .text.RCC_AHBPeriphResetCmd
                0x00000000       0x3c ..\obj\stm32f30x_rcc.o
 .text.RCC_ITConfig
                0x00000000       0x4c ..\obj\stm32f30x_rcc.o
 .text.RCC_GetFlagStatus
                0x00000000       0x84 ..\obj\stm32f30x_rcc.o
 .text.RCC_ClearFlag
                0x00000000       0x1c ..\obj\stm32f30x_rcc.o
 .text.RCC_GetITStatus
                0x00000000       0x38 ..\obj\stm32f30x_rcc.o
 .text.RCC_ClearITPendingBit
                0x00000000       0x20 ..\obj\stm32f30x_rcc.o
 .text          0x00000000        0x0 ..\obj\conf.o
 .data          0x00000000        0x0 ..\obj\conf.o
 .text          0x00000000        0x0 ..\obj\stm32f30x_gpio.o
 .data          0x00000000        0x0 ..\obj\stm32f30x_gpio.o
 .bss           0x00000000        0x0 ..\obj\stm32f30x_gpio.o
 .text.GPIO_DeInit
                0x00000000       0xd4 ..\obj\stm32f30x_gpio.o
 .text.GPIO_StructInit
                0x00000000       0x34 ..\obj\stm32f30x_gpio.o
 .text.GPIO_PinLockConfig
                0x00000000       0x44 ..\obj\stm32f30x_gpio.o
 .text.GPIO_ReadInputDataBit
                0x00000000       0x38 ..\obj\stm32f30x_gpio.o
 .text.GPIO_ReadInputData
                0x00000000       0x1c ..\obj\stm32f30x_gpio.o
 .text.GPIO_ReadOutputDataBit
                0x00000000       0x38 ..\obj\stm32f30x_gpio.o
 .text.GPIO_ReadOutputData
                0x00000000       0x1c ..\obj\stm32f30x_gpio.o
 .text.GPIO_SetBits
                0x00000000       0x1c ..\obj\stm32f30x_gpio.o
 .text.GPIO_ResetBits
                0x00000000       0x1c ..\obj\stm32f30x_gpio.o
 .text.GPIO_Write
                0x00000000       0x1c ..\obj\stm32f30x_gpio.o
 .text          0x00000000        0x0 ..\obj\main.o
 .text          0x00000000        0x0 ..\obj\system_stm32f30x_temp.o
 .bss           0x00000000        0x0 ..\obj\system_stm32f30x_temp.o
 .text.SystemCoreClockUpdate1
                0x00000000       0xd4 ..\obj\system_stm32f30x_temp.o
 .text          0x00000000        0x0 ..\obj\stm32f30x_misc.o
 .data          0x00000000        0x0 ..\obj\stm32f30x_misc.o
 .bss           0x00000000        0x0 ..\obj\stm32f30x_misc.o
 .text.NVIC_PriorityGroupConfig
                0x00000000       0x24 ..\obj\stm32f30x_misc.o
 .text.NVIC_SetVectorTable
                0x00000000       0x2c ..\obj\stm32f30x_misc.o
 .text.NVIC_SystemLPConfig
                0x00000000       0x40 ..\obj\stm32f30x_misc.o
 .text.SysTick_CLKSourceConfig
                0x00000000       0x38 ..\obj\stm32f30x_misc.o
 .text          0x00000000        0x0 ..\obj\stm32f30x_tim.o
 .data          0x00000000        0x0 ..\obj\stm32f30x_tim.o
 .bss           0x00000000        0x0 ..\obj\stm32f30x_tim.o
 .text.TIM_DeInit
                0x00000000      0x148 ..\obj\stm32f30x_tim.o
 .text.TIM_TimeBaseStructInit
                0x00000000       0x34 ..\obj\stm32f30x_tim.o
 .text.TIM_PrescalerConfig
                0x00000000       0x28 ..\obj\stm32f30x_tim.o
 .text.TIM_CounterModeConfig
                0x00000000       0x38 ..\obj\stm32f30x_tim.o
 .text.TIM_SetCounter
                0x00000000       0x1c ..\obj\stm32f30x_tim.o
 .text.TIM_GetPrescaler
                0x00000000       0x1c ..\obj\stm32f30x_tim.o
 .text.TIM_UpdateDisableConfig
                0x00000000       0x40 ..\obj\stm32f30x_tim.o
 .text.TIM_UpdateRequestConfig
                0x00000000       0x40 ..\obj\stm32f30x_tim.o
 .text.TIM_UIFRemap
                0x00000000       0x40 ..\obj\stm32f30x_tim.o
 .text.TIM_ARRPreloadConfig
                0x00000000       0x40 ..\obj\stm32f30x_tim.o
 .text.TIM_SelectOnePulseMode
                0x00000000       0x38 ..\obj\stm32f30x_tim.o
 .text.TIM_SetClockDivision
                0x00000000       0x38 ..\obj\stm32f30x_tim.o
 .text.TIM_OC1Init
                0x00000000      0x124 ..\obj\stm32f30x_tim.o
 .text.TIM_OC5Init
                0x00000000       0xb8 ..\obj\stm32f30x_tim.o
 .text.TIM_OC6Init
                0x00000000       0xac ..\obj\stm32f30x_tim.o
 .text.TIM_SelectGC5C1
                0x00000000       0x38 ..\obj\stm32f30x_tim.o
 .text.TIM_SelectGC5C2
                0x00000000       0x38 ..\obj\stm32f30x_tim.o
 .text.TIM_SelectGC5C3
                0x00000000       0x38 ..\obj\stm32f30x_tim.o
 .text.TIM_OCStructInit
                0x00000000       0x44 ..\obj\stm32f30x_tim.o
 .text.TIM_SelectOCxM
                0x00000000       0xac ..\obj\stm32f30x_tim.o
 .text.TIM_SetCompare1
                0x00000000       0x1c ..\obj\stm32f30x_tim.o
 .text.TIM_SetCompare5
                0x00000000       0x1c ..\obj\stm32f30x_tim.o
 .text.TIM_SetCompare6
                0x00000000       0x1c ..\obj\stm32f30x_tim.o
 .text.TIM_ForcedOC1Config
                0x00000000       0x3c ..\obj\stm32f30x_tim.o
 .text.TIM_ForcedOC2Config
                0x00000000       0x3c ..\obj\stm32f30x_tim.o
 .text.TIM_ForcedOC3Config
                0x00000000       0x38 ..\obj\stm32f30x_tim.o
 .text.TIM_ForcedOC4Config
                0x00000000       0x38 ..\obj\stm32f30x_tim.o
 .text.TIM_ForcedOC5Config
                0x00000000       0x38 ..\obj\stm32f30x_tim.o
 .text.TIM_ForcedOC6Config
                0x00000000       0x38 ..\obj\stm32f30x_tim.o
 .text.TIM_OC1PreloadConfig
                0x00000000       0x38 ..\obj\stm32f30x_tim.o
 .text.TIM_OC5PreloadConfig
                0x00000000       0x38 ..\obj\stm32f30x_tim.o
 .text.TIM_OC6PreloadConfig
                0x00000000       0x38 ..\obj\stm32f30x_tim.o
 .text.TIM_OC1FastConfig
                0x00000000       0x38 ..\obj\stm32f30x_tim.o
 .text.TIM_OC2FastConfig
                0x00000000       0x38 ..\obj\stm32f30x_tim.o
 .text.TIM_OC3FastConfig
                0x00000000       0x38 ..\obj\stm32f30x_tim.o
 .text.TIM_OC4FastConfig
                0x00000000       0x38 ..\obj\stm32f30x_tim.o
 .text.TIM_ClearOC1Ref
                0x00000000       0x38 ..\obj\stm32f30x_tim.o
 .text.TIM_ClearOC2Ref
                0x00000000       0x38 ..\obj\stm32f30x_tim.o
 .text.TIM_ClearOC3Ref
                0x00000000       0x38 ..\obj\stm32f30x_tim.o
 .text.TIM_ClearOC4Ref
                0x00000000       0x38 ..\obj\stm32f30x_tim.o
 .text.TIM_ClearOC5Ref
                0x00000000       0x38 ..\obj\stm32f30x_tim.o
 .text.TIM_ClearOC6Ref
                0x00000000       0x38 ..\obj\stm32f30x_tim.o
 .text.TIM_SelectOCREFClear
                0x00000000       0x30 ..\obj\stm32f30x_tim.o
 .text.TIM_OC1PolarityConfig
                0x00000000       0x38 ..\obj\stm32f30x_tim.o
 .text.TIM_OC1NPolarityConfig
                0x00000000       0x38 ..\obj\stm32f30x_tim.o
 .text.TIM_OC2PolarityConfig
                0x00000000       0x38 ..\obj\stm32f30x_tim.o
 .text.TIM_OC2NPolarityConfig
                0x00000000       0x38 ..\obj\stm32f30x_tim.o
 .text.TIM_OC3PolarityConfig
                0x00000000       0x38 ..\obj\stm32f30x_tim.o
 .text.TIM_OC3NPolarityConfig
                0x00000000       0x38 ..\obj\stm32f30x_tim.o
 .text.TIM_OC4PolarityConfig
                0x00000000       0x38 ..\obj\stm32f30x_tim.o
 .text.TIM_OC5PolarityConfig
                0x00000000       0x38 ..\obj\stm32f30x_tim.o
 .text.TIM_OC6PolarityConfig
                0x00000000       0x38 ..\obj\stm32f30x_tim.o
 .text.TIM_CCxCmd
                0x00000000       0x48 ..\obj\stm32f30x_tim.o
 .text.TIM_CCxNCmd
                0x00000000       0x48 ..\obj\stm32f30x_tim.o
 .text.TIM_ICInit
                0x00000000       0xa8 ..\obj\stm32f30x_tim.o
 .text.TIM_ICStructInit
                0x00000000       0x30 ..\obj\stm32f30x_tim.o
 .text.TIM_GetCapture1
                0x00000000       0x18 ..\obj\stm32f30x_tim.o
 .text.TIM_GetCapture3
                0x00000000       0x18 ..\obj\stm32f30x_tim.o
 .text.TIM_GetCapture4
                0x00000000       0x18 ..\obj\stm32f30x_tim.o
 .text.TIM_SetIC3Prescaler
                0x00000000       0x30 ..\obj\stm32f30x_tim.o
 .text.TIM_SetIC4Prescaler
                0x00000000       0x34 ..\obj\stm32f30x_tim.o
 .text.TIM_BDTRConfig
                0x00000000       0x50 ..\obj\stm32f30x_tim.o
 .text.TIM_Break1Config
                0x00000000       0x38 ..\obj\stm32f30x_tim.o
 .text.TIM_Break2Config
                0x00000000       0x38 ..\obj\stm32f30x_tim.o
 .text.TIM_Break1Cmd
                0x00000000       0x38 ..\obj\stm32f30x_tim.o
 .text.TIM_Break2Cmd
                0x00000000       0x38 ..\obj\stm32f30x_tim.o
 .text.TIM_BDTRStructInit
                0x00000000       0x3c ..\obj\stm32f30x_tim.o
 .text.TIM_CtrlPWMOutputs
                0x00000000       0x38 ..\obj\stm32f30x_tim.o
 .text.TIM_SelectCOM
                0x00000000       0x38 ..\obj\stm32f30x_tim.o
 .text.TIM_CCPreloadControl
                0x00000000       0x38 ..\obj\stm32f30x_tim.o
 .text.TIM_GenerateEvent
                0x00000000       0x1c ..\obj\stm32f30x_tim.o
 .text.TIM_GetFlagStatus
                0x00000000       0x34 ..\obj\stm32f30x_tim.o
 .text.TIM_ClearFlag
                0x00000000       0x24 ..\obj\stm32f30x_tim.o
 .text.TIM_GetITStatus
                0x00000000       0x54 ..\obj\stm32f30x_tim.o
 .text.TIM_DMAConfig
                0x00000000       0x28 ..\obj\stm32f30x_tim.o
 .text.TIM_DMACmd
                0x00000000       0x40 ..\obj\stm32f30x_tim.o
 .text.TIM_SelectCCDMA
                0x00000000       0x38 ..\obj\stm32f30x_tim.o
 .text.TIM_InternalClockConfig
                0x00000000       0x20 ..\obj\stm32f30x_tim.o
 .text.TIM_ITRxExternalClockConfig
                0x00000000       0x28 ..\obj\stm32f30x_tim.o
 .text.TIM_TIxExternalClockConfig
                0x00000000       0x5c ..\obj\stm32f30x_tim.o
 .text.TIM_ETRClockMode1Config
                0x00000000       0x5c ..\obj\stm32f30x_tim.o
 .text.TIM_ETRClockMode2Config
                0x00000000       0x38 ..\obj\stm32f30x_tim.o
 .text.TIM_SelectOutputTrigger
                0x00000000       0x30 ..\obj\stm32f30x_tim.o
 .text.TIM_SelectOutputTrigger2
                0x00000000       0x2c ..\obj\stm32f30x_tim.o
 .text.TIM_ETRConfig
                0x00000000       0x54 ..\obj\stm32f30x_tim.o
 .text.TIM_SelectHallSensor
                0x00000000       0x38 ..\obj\stm32f30x_tim.o
 .text.TIM_RemapConfig
                0x00000000       0x20 ..\obj\stm32f30x_tim.o
 .text.TI3_Config
                0x00000000       0x8c ..\obj\stm32f30x_tim.o
 .text.TI4_Config
                0x00000000       0x9c ..\obj\stm32f30x_tim.o
 .text          0x00000000       0x14 ..\obj\startup_stm32f30x.o
 .data          0x00000000        0x0 ..\obj\startup_stm32f30x.o
 .bss           0x00000000        0x0 ..\obj\startup_stm32f30x.o
 .text          0x00000000        0x0 ..\obj\stm32f30x_usart.o
 .data          0x00000000        0x0 ..\obj\stm32f30x_usart.o
 .bss           0x00000000        0x0 ..\obj\stm32f30x_usart.o
 .text.USART_StructInit
                0x00000000       0x38 ..\obj\stm32f30x_usart.o
 .text.USART_ClockInit
                0x00000000       0x48 ..\obj\stm32f30x_usart.o
 .text.USART_ClockStructInit
                0x00000000       0x2c ..\obj\stm32f30x_usart.o
 .text.USART_DirectionModeCmd
                0x00000000       0x3c ..\obj\stm32f30x_usart.o
 .text.USART_OverSampling8Cmd
                0x00000000       0x38 ..\obj\stm32f30x_usart.o
 .text.USART_OneBitMethodCmd
                0x00000000       0x38 ..\obj\stm32f30x_usart.o
 .text.USART_MSBFirstCmd
                0x00000000       0x38 ..\obj\stm32f30x_usart.o
 .text.USART_DataInvCmd
                0x00000000       0x38 ..\obj\stm32f30x_usart.o
 .text.USART_InvPinCmd
                0x00000000       0x3c ..\obj\stm32f30x_usart.o
 .text.USART_SWAPPinCmd
                0x00000000       0x38 ..\obj\stm32f30x_usart.o
 .text.USART_ReceiverTimeOutCmd
                0x00000000       0x38 ..\obj\stm32f30x_usart.o
 .text.USART_SetReceiverTimeOut
                0x00000000       0x2c ..\obj\stm32f30x_usart.o
 .text.USART_SetPrescaler
                0x00000000       0x38 ..\obj\stm32f30x_usart.o
 .text.USART_STOPModeCmd
                0x00000000       0x38 ..\obj\stm32f30x_usart.o
 .text.USART_StopModeWakeUpSourceConfig
                0x00000000       0x2c ..\obj\stm32f30x_usart.o
 .text.USART_AutoBaudRateCmd
                0x00000000       0x38 ..\obj\stm32f30x_usart.o
 .text.USART_AutoBaudRateConfig
                0x00000000       0x2c ..\obj\stm32f30x_usart.o
 .text.USART_SetAddress
                0x00000000       0x30 ..\obj\stm32f30x_usart.o
 .text.USART_MuteModeCmd
                0x00000000       0x38 ..\obj\stm32f30x_usart.o
 .text.USART_MuteModeWakeUpConfig
                0x00000000       0x2c ..\obj\stm32f30x_usart.o
 .text.USART_AddressDetectionConfig
                0x00000000       0x2c ..\obj\stm32f30x_usart.o
 .text.USART_LINBreakDetectLengthConfig
                0x00000000       0x2c ..\obj\stm32f30x_usart.o
 .text.USART_LINCmd
                0x00000000       0x38 ..\obj\stm32f30x_usart.o
 .text.USART_HalfDuplexCmd
                0x00000000       0x38 ..\obj\stm32f30x_usart.o
 .text.USART_SetGuardTime
                0x00000000       0x3c ..\obj\stm32f30x_usart.o
 .text.USART_SmartCardCmd
                0x00000000       0x38 ..\obj\stm32f30x_usart.o
 .text.USART_SmartCardNACKCmd
                0x00000000       0x38 ..\obj\stm32f30x_usart.o
 .text.USART_SetAutoRetryCount
                0x00000000       0x30 ..\obj\stm32f30x_usart.o
 .text.USART_SetBlockLength
                0x00000000       0x30 ..\obj\stm32f30x_usart.o
 .text.USART_IrDAConfig
                0x00000000       0x2c ..\obj\stm32f30x_usart.o
 .text.USART_IrDACmd
                0x00000000       0x38 ..\obj\stm32f30x_usart.o
 .text.USART_DECmd
                0x00000000       0x38 ..\obj\stm32f30x_usart.o
 .text.USART_DEPolarityConfig
                0x00000000       0x2c ..\obj\stm32f30x_usart.o
 .text.USART_SetDEAssertionTime
                0x00000000       0x30 ..\obj\stm32f30x_usart.o
 .text.USART_SetDEDeassertionTime
                0x00000000       0x30 ..\obj\stm32f30x_usart.o
 .text.USART_DMACmd
                0x00000000       0x3c ..\obj\stm32f30x_usart.o
 .text.USART_DMAReceptionErrorConfig
                0x00000000       0x2c ..\obj\stm32f30x_usart.o
 .text.USART_ITConfig
                0x00000000       0x84 ..\obj\stm32f30x_usart.o
 .text.USART_RequestCmd
                0x00000000       0x48 ..\obj\stm32f30x_usart.o
 .text.USART_OverrunDetectionConfig
                0x00000000       0x2c ..\obj\stm32f30x_usart.o
 .text.USART_GetITStatus
                0x00000000       0xa0 ..\obj\stm32f30x_usart.o
 .text.USART_ClearITPendingBit
                0x00000000       0x34 ..\obj\stm32f30x_usart.o
 .text          0x00000000        0x0 c:/program files (x86)/gnu tools arm embedded/4.9 2015q1/bin/../lib/gcc/arm-none-eabi/4.9.3/../../../../arm-none-eabi/lib/armv7e-m\libm.a(lib_a-s_cos.o)
 .data          0x00000000        0x0 c:/program files (x86)/gnu tools arm embedded/4.9 2015q1/bin/../lib/gcc/arm-none-eabi/4.9.3/../../../../arm-none-eabi/lib/armv7e-m\libm.a(lib_a-s_cos.o)
 .bss           0x00000000        0x0 c:/program files (x86)/gnu tools arm embedded/4.9 2015q1/bin/../lib/gcc/arm-none-eabi/4.9.3/../../../../arm-none-eabi/lib/armv7e-m\libm.a(lib_a-s_cos.o)
 .text          0x00000000        0x0 c:/program files (x86)/gnu tools arm embedded/4.9 2015q1/bin/../lib/gcc/arm-none-eabi/4.9.3/../../../../arm-none-eabi/lib/armv7e-m\libm.a(lib_a-s_sin.o)
 .data          0x00000000        0x0 c:/program files (x86)/gnu tools arm embedded/4.9 2015q1/bin/../lib/gcc/arm-none-eabi/4.9.3/../../../../arm-none-eabi/lib/armv7e-m\libm.a(lib_a-s_sin.o)
 .bss           0x00000000        0x0 c:/program files (x86)/gnu tools arm embedded/4.9 2015q1/bin/../lib/gcc/arm-none-eabi/4.9.3/../../../../arm-none-eabi/lib/armv7e-m\libm.a(lib_a-s_sin.o)
 .text          0x00000000        0x0 c:/program files (x86)/gnu tools arm embedded/4.9 2015q1/bin/../lib/gcc/arm-none-eabi/4.9.3/../../../../arm-none-eabi/lib/armv7e-m\libm.a(lib_a-w_atan2.o)
 .data          0x00000000        0x0 c:/program files (x86)/gnu tools arm embedded/4.9 2015q1/bin/../lib/gcc/arm-none-eabi/4.9.3/../../../../arm-none-eabi/lib/armv7e-m\libm.a(lib_a-w_atan2.o)
 .bss           0x00000000        0x0 c:/program files (x86)/gnu tools arm embedded/4.9 2015q1/bin/../lib/gcc/arm-none-eabi/4.9.3/../../../../arm-none-eabi/lib/armv7e-m\libm.a(lib_a-w_atan2.o)
 .text          0x00000000        0x0 c:/program files (x86)/gnu tools arm embedded/4.9 2015q1/bin/../lib/gcc/arm-none-eabi/4.9.3/../../../../arm-none-eabi/lib/armv7e-m\libm.a(lib_a-e_atan2.o)
 .data          0x00000000        0x0 c:/program files (x86)/gnu tools arm embedded/4.9 2015q1/bin/../lib/gcc/arm-none-eabi/4.9.3/../../../../arm-none-eabi/lib/armv7e-m\libm.a(lib_a-e_atan2.o)
 .bss           0x00000000        0x0 c:/program files (x86)/gnu tools arm embedded/4.9 2015q1/bin/../lib/gcc/arm-none-eabi/4.9.3/../../../../arm-none-eabi/lib/armv7e-m\libm.a(lib_a-e_atan2.o)
 .text          0x00000000        0x0 c:/program files (x86)/gnu tools arm embedded/4.9 2015q1/bin/../lib/gcc/arm-none-eabi/4.9.3/../../../../arm-none-eabi/lib/armv7e-m\libm.a(lib_a-e_rem_pio2.o)
 .data          0x00000000        0x0 c:/program files (x86)/gnu tools arm embedded/4.9 2015q1/bin/../lib/gcc/arm-none-eabi/4.9.3/../../../../arm-none-eabi/lib/armv7e-m\libm.a(lib_a-e_rem_pio2.o)
 .bss           0x00000000        0x0 c:/program files (x86)/gnu tools arm embedded/4.9 2015q1/bin/../lib/gcc/arm-none-eabi/4.9.3/../../../../arm-none-eabi/lib/armv7e-m\libm.a(lib_a-e_rem_pio2.o)
 .text          0x00000000        0x0 c:/program files (x86)/gnu tools arm embedded/4.9 2015q1/bin/../lib/gcc/arm-none-eabi/4.9.3/../../../../arm-none-eabi/lib/armv7e-m\libm.a(lib_a-k_cos.o)
 .data          0x00000000        0x0 c:/program files (x86)/gnu tools arm embedded/4.9 2015q1/bin/../lib/gcc/arm-none-eabi/4.9.3/../../../../arm-none-eabi/lib/armv7e-m\libm.a(lib_a-k_cos.o)
 .bss           0x00000000        0x0 c:/program files (x86)/gnu tools arm embedded/4.9 2015q1/bin/../lib/gcc/arm-none-eabi/4.9.3/../../../../arm-none-eabi/lib/armv7e-m\libm.a(lib_a-k_cos.o)
 .text          0x00000000        0x0 c:/program files (x86)/gnu tools arm embedded/4.9 2015q1/bin/../lib/gcc/arm-none-eabi/4.9.3/../../../../arm-none-eabi/lib/armv7e-m\libm.a(lib_a-k_rem_pio2.o)
 .data          0x00000000        0x0 c:/program files (x86)/gnu tools arm embedded/4.9 2015q1/bin/../lib/gcc/arm-none-eabi/4.9.3/../../../../arm-none-eabi/lib/armv7e-m\libm.a(lib_a-k_rem_pio2.o)
 .bss           0x00000000        0x0 c:/program files (x86)/gnu tools arm embedded/4.9 2015q1/bin/../lib/gcc/arm-none-eabi/4.9.3/../../../../arm-none-eabi/lib/armv7e-m\libm.a(lib_a-k_rem_pio2.o)
 .text          0x00000000        0x0 c:/program files (x86)/gnu tools arm embedded/4.9 2015q1/bin/../lib/gcc/arm-none-eabi/4.9.3/../../../../arm-none-eabi/lib/armv7e-m\libm.a(lib_a-k_sin.o)
 .data          0x00000000        0x0 c:/program files (x86)/gnu tools arm embedded/4.9 2015q1/bin/../lib/gcc/arm-none-eabi/4.9.3/../../../../arm-none-eabi/lib/armv7e-m\libm.a(lib_a-k_sin.o)
 .bss           0x00000000        0x0 c:/program files (x86)/gnu tools arm embedded/4.9 2015q1/bin/../lib/gcc/arm-none-eabi/4.9.3/../../../../arm-none-eabi/lib/armv7e-m\libm.a(lib_a-k_sin.o)
 .text          0x00000000        0x0 c:/program files (x86)/gnu tools arm embedded/4.9 2015q1/bin/../lib/gcc/arm-none-eabi/4.9.3/../../../../arm-none-eabi/lib/armv7e-m\libm.a(lib_a-s_atan.o)
 .data          0x00000000        0x0 c:/program files (x86)/gnu tools arm embedded/4.9 2015q1/bin/../lib/gcc/arm-none-eabi/4.9.3/../../../../arm-none-eabi/lib/armv7e-m\libm.a(lib_a-s_atan.o)
 .bss           0x00000000        0x0 c:/program files (x86)/gnu tools arm embedded/4.9 2015q1/bin/../lib/gcc/arm-none-eabi/4.9.3/../../../../arm-none-eabi/lib/armv7e-m\libm.a(lib_a-s_atan.o)
 .text          0x00000000        0x0 c:/program files (x86)/gnu tools arm embedded/4.9 2015q1/bin/../lib/gcc/arm-none-eabi/4.9.3/../../../../arm-none-eabi/lib/armv7e-m\libm.a(lib_a-s_fabs.o)
 .data          0x00000000        0x0 c:/program files (x86)/gnu tools arm embedded/4.9 2015q1/bin/../lib/gcc/arm-none-eabi/4.9.3/../../../../arm-none-eabi/lib/armv7e-m\libm.a(lib_a-s_fabs.o)
 .bss           0x00000000        0x0 c:/program files (x86)/gnu tools arm embedded/4.9 2015q1/bin/../lib/gcc/arm-none-eabi/4.9.3/../../../../arm-none-eabi/lib/armv7e-m\libm.a(lib_a-s_fabs.o)
 .text          0x00000000        0x0 c:/program files (x86)/gnu tools arm embedded/4.9 2015q1/bin/../lib/gcc/arm-none-eabi/4.9.3/../../../../arm-none-eabi/lib/armv7e-m\libm.a(lib_a-s_floor.o)
 .data          0x00000000        0x0 c:/program files (x86)/gnu tools arm embedded/4.9 2015q1/bin/../lib/gcc/arm-none-eabi/4.9.3/../../../../arm-none-eabi/lib/armv7e-m\libm.a(lib_a-s_floor.o)
 .bss           0x00000000        0x0 c:/program files (x86)/gnu tools arm embedded/4.9 2015q1/bin/../lib/gcc/arm-none-eabi/4.9.3/../../../../arm-none-eabi/lib/armv7e-m\libm.a(lib_a-s_floor.o)
 .text          0x00000000        0x0 c:/program files (x86)/gnu tools arm embedded/4.9 2015q1/bin/../lib/gcc/arm-none-eabi/4.9.3/../../../../arm-none-eabi/lib/armv7e-m\libm.a(lib_a-s_scalbn.o)
 .data          0x00000000        0x0 c:/program files (x86)/gnu tools arm embedded/4.9 2015q1/bin/../lib/gcc/arm-none-eabi/4.9.3/../../../../arm-none-eabi/lib/armv7e-m\libm.a(lib_a-s_scalbn.o)
 .bss           0x00000000        0x0 c:/program files (x86)/gnu tools arm embedded/4.9 2015q1/bin/../lib/gcc/arm-none-eabi/4.9.3/../../../../arm-none-eabi/lib/armv7e-m\libm.a(lib_a-s_scalbn.o)
 .text          0x00000000        0x0 c:/program files (x86)/gnu tools arm embedded/4.9 2015q1/bin/../lib/gcc/arm-none-eabi/4.9.3/../../../../arm-none-eabi/lib/armv7e-m\libm.a(lib_a-s_copysign.o)
 .data          0x00000000        0x0 c:/program files (x86)/gnu tools arm embedded/4.9 2015q1/bin/../lib/gcc/arm-none-eabi/4.9.3/../../../../arm-none-eabi/lib/armv7e-m\libm.a(lib_a-s_copysign.o)
 .bss           0x00000000        0x0 c:/program files (x86)/gnu tools arm embedded/4.9 2015q1/bin/../lib/gcc/arm-none-eabi/4.9.3/../../../../arm-none-eabi/lib/armv7e-m\libm.a(lib_a-s_copysign.o)
 .data          0x00000000        0x0 c:/program files (x86)/gnu tools arm embedded/4.9 2015q1/bin/../lib/gcc/arm-none-eabi/4.9.3/armv7e-m\libgcc.a(_arm_addsubdf3.o)
 .bss           0x00000000        0x0 c:/program files (x86)/gnu tools arm embedded/4.9 2015q1/bin/../lib/gcc/arm-none-eabi/4.9.3/armv7e-m\libgcc.a(_arm_addsubdf3.o)
 .data          0x00000000        0x0 c:/program files (x86)/gnu tools arm embedded/4.9 2015q1/bin/../lib/gcc/arm-none-eabi/4.9.3/armv7e-m\libgcc.a(_arm_muldivdf3.o)
 .bss           0x00000000        0x0 c:/program files (x86)/gnu tools arm embedded/4.9 2015q1/bin/../lib/gcc/arm-none-eabi/4.9.3/armv7e-m\libgcc.a(_arm_muldivdf3.o)
 .data          0x00000000        0x0 c:/program files (x86)/gnu tools arm embedded/4.9 2015q1/bin/../lib/gcc/arm-none-eabi/4.9.3/armv7e-m\libgcc.a(_arm_cmpdf2.o)
 .bss           0x00000000        0x0 c:/program files (x86)/gnu tools arm embedded/4.9 2015q1/bin/../lib/gcc/arm-none-eabi/4.9.3/armv7e-m\libgcc.a(_arm_cmpdf2.o)
 .data          0x00000000        0x0 c:/program files (x86)/gnu tools arm embedded/4.9 2015q1/bin/../lib/gcc/arm-none-eabi/4.9.3/armv7e-m\libgcc.a(_arm_fixdfsi.o)
 .bss           0x00000000        0x0 c:/program files (x86)/gnu tools arm embedded/4.9 2015q1/bin/../lib/gcc/arm-none-eabi/4.9.3/armv7e-m\libgcc.a(_arm_fixdfsi.o)
 .data          0x00000000        0x0 c:/program files (x86)/gnu tools arm embedded/4.9 2015q1/bin/../lib/gcc/arm-none-eabi/4.9.3/armv7e-m\libgcc.a(_arm_fixunsdfsi.o)
 .bss           0x00000000        0x0 c:/program files (x86)/gnu tools arm embedded/4.9 2015q1/bin/../lib/gcc/arm-none-eabi/4.9.3/armv7e-m\libgcc.a(_arm_fixunsdfsi.o)

Memory Configuration

Name             Origin             Length             Attributes
rom              0x08000000         0x00040000         xr
ram              0x20000000         0x0000a000         xrw
ram1             0x10000000         0x00002000         xrw
*default*        0x00000000         0xffffffff

Linker script and memory map

                0x2000a000                _eram = 0x2000a000

.text           0x08000000     0x52d0
 *(.isr_vector)
 .isr_vector    0x08000000      0x188 ..\obj\startup_stm32f30x.o
                0x08000000                g_pfnVectors
 *(.text*)
 .text.RCC_GetClocksFreq
                0x08000188      0x414 ..\obj\stm32f30x_rcc.o
                0x08000188                RCC_GetClocksFreq
 .text.RCC_AHBPeriphClockCmd
                0x0800059c       0x3c ..\obj\stm32f30x_rcc.o
                0x0800059c                RCC_AHBPeriphClockCmd
 .text.RCC_APB2PeriphClockCmd
                0x080005d8       0x3c ..\obj\stm32f30x_rcc.o
                0x080005d8                RCC_APB2PeriphClockCmd
 .text.RCC_APB1PeriphClockCmd
                0x08000614       0x3c ..\obj\stm32f30x_rcc.o
                0x08000614                RCC_APB1PeriphClockCmd
 .text.RCC_APB2PeriphResetCmd
                0x08000650       0x3c ..\obj\stm32f30x_rcc.o
                0x08000650                RCC_APB2PeriphResetCmd
 .text.RCC_APB1PeriphResetCmd
                0x0800068c       0x3c ..\obj\stm32f30x_rcc.o
                0x0800068c                RCC_APB1PeriphResetCmd
 .text.init     0x080006c8       0x18 ..\obj\conf.o
                0x080006c8                init
 .text.InitServoMotor
                0x080006e0      0x164 ..\obj\conf.o
                0x080006e0                InitServoMotor
 .text.InitEncoderInterface
                0x08000844       0xd4 ..\obj\conf.o
                0x08000844                InitEncoderInterface
 .text.InitBluetooth
                0x08000918       0x90 ..\obj\conf.o
                0x08000918                InitBluetooth
 .text.InitSRF  0x080009a8      0x164 ..\obj\conf.o
                0x080009a8                InitSRF
 .text.SetSudut
                0x08000b0c       0x34 ..\obj\conf.o
                0x08000b0c                SetSudut
 .text.SetMotorR
                0x08000b40       0x98 ..\obj\conf.o
                0x08000b40                SetMotorR
 .text.SetMotorL
                0x08000bd8       0x98 ..\obj\conf.o
                0x08000bd8                SetMotorL
 .text.GetMotorR
                0x08000c70       0xe0 ..\obj\conf.o
                0x08000c70                GetMotorR
 .text.GetMotorL
                0x08000d50       0xe0 ..\obj\conf.o
                0x08000d50                GetMotorL
 .text.BlueSend
                0x08000e30       0x30 ..\obj\conf.o
                0x08000e30                BlueSend
 .text.GPIO_Init
                0x08000e60      0x128 ..\obj\stm32f30x_gpio.o
                0x08000e60                GPIO_Init
 .text.GPIO_WriteBit
                0x08000f88       0x30 ..\obj\stm32f30x_gpio.o
                0x08000f88                GPIO_WriteBit
 .text.GPIO_PinAFConfig
                0x08000fb8       0x90 ..\obj\stm32f30x_gpio.o
                0x08000fb8                GPIO_PinAFConfig
 .text.main     0x08001048      0x1ac ..\obj\main.o
                0x08001048                main
 .text.TIM6_DAC_IRQHandler
                0x080011f4       0x1c ..\obj\main.o
                0x080011f4                TIM6_DAC_IRQHandler
 .text.control  0x08001210      0x9a0 ..\obj\main.o
                0x08001210                control
 .text.Geser    0x08001bb0       0x60 ..\obj\main.o
                0x08001bb0                Geser
 .text.Kirim    0x08001c10      0x208 ..\obj\main.o
                0x08001c10                Kirim
 .text.Trigger  0x08001e18       0x4c ..\obj\main.o
                0x08001e18                Trigger
 *fill*         0x08001e64        0x4 
 .text.BlueRead
                0x08001e68      0x270 ..\obj\main.o
                0x08001e68                BlueRead
 .text.SystemInit1
                0x080020d8       0x80 ..\obj\system_stm32f30x_temp.o
                0x080020d8                SystemInit
                0x080020d8                SystemInit1
 .text.SetSysClock1
                0x08002158       0xe0 ..\obj\system_stm32f30x_temp.o
                0x08002158                SetSysClock
 .text.NVIC_Init
                0x08002238       0xc4 ..\obj\stm32f30x_misc.o
                0x08002238                NVIC_Init
 .text.TIM_TimeBaseInit
                0x080022fc       0xec ..\obj\stm32f30x_tim.o
                0x080022fc                TIM_TimeBaseInit
 .text.TIM_SetAutoreload
                0x080023e8       0x1c ..\obj\stm32f30x_tim.o
                0x080023e8                TIM_SetAutoreload
 .text.TIM_GetCounter
                0x08002404       0x18 ..\obj\stm32f30x_tim.o
                0x08002404                TIM_GetCounter
 .text.TIM_Cmd  0x0800241c       0x40 ..\obj\stm32f30x_tim.o
                0x0800241c                TIM_Cmd
 .text.TIM_OC2Init
                0x0800245c      0x100 ..\obj\stm32f30x_tim.o
                0x0800245c                TIM_OC2Init
 .text.TIM_OC3Init
                0x0800255c       0xfc ..\obj\stm32f30x_tim.o
                0x0800255c                TIM_OC3Init
 .text.TIM_OC4Init
                0x08002658       0xc0 ..\obj\stm32f30x_tim.o
                0x08002658                TIM_OC4Init
 .text.TIM_SetCompare2
                0x08002718       0x1c ..\obj\stm32f30x_tim.o
                0x08002718                TIM_SetCompare2
 .text.TIM_SetCompare3
                0x08002734       0x1c ..\obj\stm32f30x_tim.o
                0x08002734                TIM_SetCompare3
 .text.TIM_SetCompare4
                0x08002750       0x1c ..\obj\stm32f30x_tim.o
                0x08002750                TIM_SetCompare4
 .text.TIM_OC2PreloadConfig
                0x0800276c       0x38 ..\obj\stm32f30x_tim.o
                0x0800276c                TIM_OC2PreloadConfig
 .text.TIM_OC3PreloadConfig
                0x080027a4       0x38 ..\obj\stm32f30x_tim.o
                0x080027a4                TIM_OC3PreloadConfig
 .text.TIM_OC4PreloadConfig
                0x080027dc       0x38 ..\obj\stm32f30x_tim.o
                0x080027dc                TIM_OC4PreloadConfig
 .text.TIM_PWMIConfig
                0x08002814       0xb8 ..\obj\stm32f30x_tim.o
                0x08002814                TIM_PWMIConfig
 .text.TIM_GetCapture2
                0x080028cc       0x18 ..\obj\stm32f30x_tim.o
                0x080028cc                TIM_GetCapture2
 .text.TIM_SetIC1Prescaler
                0x080028e4       0x30 ..\obj\stm32f30x_tim.o
                0x080028e4                TIM_SetIC1Prescaler
 .text.TIM_SetIC2Prescaler
                0x08002914       0x30 ..\obj\stm32f30x_tim.o
                0x08002914                TIM_SetIC2Prescaler
 .text.TIM_ITConfig
                0x08002944       0x40 ..\obj\stm32f30x_tim.o
                0x08002944                TIM_ITConfig
 .text.TIM_ClearITPendingBit
                0x08002984       0x24 ..\obj\stm32f30x_tim.o
                0x08002984                TIM_ClearITPendingBit
 .text.TIM_SelectInputTrigger
                0x080029a8       0x38 ..\obj\stm32f30x_tim.o
                0x080029a8                TIM_SelectInputTrigger
 .text.TIM_SelectSlaveMode
                0x080029e0       0x30 ..\obj\stm32f30x_tim.o
                0x080029e0                TIM_SelectSlaveMode
 .text.TIM_SelectMasterSlaveMode
                0x08002a10       0x30 ..\obj\stm32f30x_tim.o
                0x08002a10                TIM_SelectMasterSlaveMode
 .text.TIM_EncoderInterfaceConfig
                0x08002a40       0x98 ..\obj\stm32f30x_tim.o
                0x08002a40                TIM_EncoderInterfaceConfig
 .text.TI1_Config
                0x08002ad8       0x80 ..\obj\stm32f30x_tim.o
 .text.TI2_Config
                0x08002b58       0x98 ..\obj\stm32f30x_tim.o
 .text.Reset_Handler
                0x08002bf0       0x44 ..\obj\startup_stm32f30x.o
                0x08002bf0                Reset_Handler
 .text.Default_Handler
                0x08002c34        0x2 ..\obj\startup_stm32f30x.o
                0x08002c34                RTC_Alarm_IRQHandler
                0x08002c34                TIM8_TRG_COM_IRQHandler
                0x08002c34                TIM8_CC_IRQHandler
                0x08002c34                DebugMon_Handler
                0x08002c34                TIM1_CC_IRQHandler
                0x08002c34                HardFault_Handler
                0x08002c34                USB_HP_IRQHandler
                0x08002c34                SysTick_Handler
                0x08002c34                PVD_IRQHandler
                0x08002c34                PendSV_Handler
                0x08002c34                NMI_Handler
                0x08002c34                EXTI3_IRQHandler
                0x08002c34                EXTI0_IRQHandler
                0x08002c34                I2C2_EV_IRQHandler
                0x08002c34                FPU_IRQHandler
                0x08002c34                EXTI2_TS_IRQHandler
                0x08002c34                TIM1_UP_TIM16_IRQHandler
                0x08002c34                UsageFault_Handler
                0x08002c34                ADC1_2_IRQHandler
                0x08002c34                SPI1_IRQHandler
                0x08002c34                TIM8_UP_IRQHandler
                0x08002c34                DMA2_Channel2_IRQHandler
                0x08002c34                DMA1_Channel4_IRQHandler
                0x08002c34                USART3_IRQHandler
                0x08002c34                DMA1_Channel7_IRQHandler
                0x08002c34                CAN1_RX1_IRQHandler
                0x08002c34                UART5_IRQHandler
                0x08002c34                ADC3_IRQHandler
                0x08002c34                TIM4_IRQHandler
                0x08002c34                DMA2_Channel1_IRQHandler
                0x08002c34                I2C1_EV_IRQHandler
                0x08002c34                DMA1_Channel6_IRQHandler
                0x08002c34                UART4_IRQHandler
                0x08002c34                DMA2_Channel4_IRQHandler
                0x08002c34                TIM3_IRQHandler
                0x08002c34                RCC_IRQHandler
                0x08002c34                DMA1_Channel1_IRQHandler
                0x08002c34                Default_Handler
                0x08002c34                USBWakeUp_RMP_IRQHandler
                0x08002c34                EXTI15_10_IRQHandler
                0x08002c34                TIM7_IRQHandler
                0x08002c34                EXTI9_5_IRQHandler
                0x08002c34                TAMPER_STAMP_IRQHandler
                0x08002c34                RTC_WKUP_IRQHandler
                0x08002c34                SPI2_IRQHandler
                0x08002c34                MemManage_Handler
                0x08002c34                SVC_Handler
                0x08002c34                DMA2_Channel5_IRQHandler
                0x08002c34                DMA1_Channel5_IRQHandler
                0x08002c34                USB_LP_IRQHandler
                0x08002c34                EXTI4_IRQHandler
                0x08002c34                USB_LP_CAN1_RX0_IRQHandler
                0x08002c34                TIM1_TRG_COM_TIM17_IRQHandler
                0x08002c34                USB_HP_CAN1_TX_IRQHandler
                0x08002c34                DMA1_Channel3_IRQHandler
                0x08002c34                ADC4_IRQHandler
                0x08002c34                WWDG_IRQHandler
                0x08002c34                TIM2_IRQHandler
                0x08002c34                COMP7_IRQHandler
                0x08002c34                COMP1_2_3_IRQHandler
                0x08002c34                EXTI1_IRQHandler
                0x08002c34                USART2_IRQHandler
                0x08002c34                COMP4_5_6_IRQHandler
                0x08002c34                I2C2_ER_IRQHandler
                0x08002c34                DMA1_Channel2_IRQHandler
                0x08002c34                TIM8_BRK_IRQHandler
                0x08002c34                CAN1_SCE_IRQHandler
                0x08002c34                FLASH_IRQHandler
                0x08002c34                BusFault_Handler
                0x08002c34                USART1_IRQHandler
                0x08002c34                SPI3_IRQHandler
                0x08002c34                I2C1_ER_IRQHandler
                0x08002c34                USBWakeUp_IRQHandler
                0x08002c34                DMA2_Channel3_IRQHandler
                0x08002c34                TIM1_BRK_TIM15_IRQHandler
 *fill*         0x08002c36        0x2 
 .text.USART_DeInit
                0x08002c38       0xb8 ..\obj\stm32f30x_usart.o
                0x08002c38                USART_DeInit
 .text.USART_Init
                0x08002cf0      0x174 ..\obj\stm32f30x_usart.o
                0x08002cf0                USART_Init
 .text.USART_Cmd
                0x08002e64       0x38 ..\obj\stm32f30x_usart.o
                0x08002e64                USART_Cmd
 .text.USART_SendData
                0x08002e9c       0x24 ..\obj\stm32f30x_usart.o
                0x08002e9c                USART_SendData
 .text.USART_ReceiveData
                0x08002ec0       0x20 ..\obj\stm32f30x_usart.o
                0x08002ec0                USART_ReceiveData
 .text.USART_GetFlagStatus
                0x08002ee0       0x34 ..\obj\stm32f30x_usart.o
                0x08002ee0                USART_GetFlagStatus
 .text.USART_ClearFlag
                0x08002f14       0x1c ..\obj\stm32f30x_usart.o
                0x08002f14                USART_ClearFlag
 .text.cos      0x08002f30       0x88 c:/program files (x86)/gnu tools arm embedded/4.9 2015q1/bin/../lib/gcc/arm-none-eabi/4.9.3/../../../../arm-none-eabi/lib/armv7e-m\libm.a(lib_a-s_cos.o)
                0x08002f30                cos
 .text.sin      0x08002fb8       0x94 c:/program files (x86)/gnu tools arm embedded/4.9 2015q1/bin/../lib/gcc/arm-none-eabi/4.9.3/../../../../arm-none-eabi/lib/armv7e-m\libm.a(lib_a-s_sin.o)
                0x08002fb8                sin
 .text.atan2    0x0800304c        0x4 c:/program files (x86)/gnu tools arm embedded/4.9 2015q1/bin/../lib/gcc/arm-none-eabi/4.9.3/../../../../arm-none-eabi/lib/armv7e-m\libm.a(lib_a-w_atan2.o)
                0x0800304c                atan2
 .text.__ieee754_atan2
                0x08003050      0x1b8 c:/program files (x86)/gnu tools arm embedded/4.9 2015q1/bin/../lib/gcc/arm-none-eabi/4.9.3/../../../../arm-none-eabi/lib/armv7e-m\libm.a(lib_a-e_atan2.o)
                0x08003050                __ieee754_atan2
 .text.__ieee754_rem_pio2
                0x08003208      0x448 c:/program files (x86)/gnu tools arm embedded/4.9 2015q1/bin/../lib/gcc/arm-none-eabi/4.9.3/../../../../arm-none-eabi/lib/armv7e-m\libm.a(lib_a-e_rem_pio2.o)
                0x08003208                __ieee754_rem_pio2
 .text.__kernel_cos
                0x08003650      0x248 c:/program files (x86)/gnu tools arm embedded/4.9 2015q1/bin/../lib/gcc/arm-none-eabi/4.9.3/../../../../arm-none-eabi/lib/armv7e-m\libm.a(lib_a-k_cos.o)
                0x08003650                __kernel_cos
 .text.__kernel_rem_pio2
                0x08003898      0x808 c:/program files (x86)/gnu tools arm embedded/4.9 2015q1/bin/../lib/gcc/arm-none-eabi/4.9.3/../../../../arm-none-eabi/lib/armv7e-m\libm.a(lib_a-k_rem_pio2.o)
                0x08003898                __kernel_rem_pio2
 .text.__kernel_sin
                0x080040a0      0x170 c:/program files (x86)/gnu tools arm embedded/4.9 2015q1/bin/../lib/gcc/arm-none-eabi/4.9.3/../../../../arm-none-eabi/lib/armv7e-m\libm.a(lib_a-k_sin.o)
                0x080040a0                __kernel_sin
 .text.atan     0x08004210      0x338 c:/program files (x86)/gnu tools arm embedded/4.9 2015q1/bin/../lib/gcc/arm-none-eabi/4.9.3/../../../../arm-none-eabi/lib/armv7e-m\libm.a(lib_a-s_atan.o)
                0x08004210                atan
 .text.fabs     0x08004548        0x8 c:/program files (x86)/gnu tools arm embedded/4.9 2015q1/bin/../lib/gcc/arm-none-eabi/4.9.3/../../../../arm-none-eabi/lib/armv7e-m\libm.a(lib_a-s_fabs.o)
                0x08004548                fabs
 .text.floor    0x08004550      0x118 c:/program files (x86)/gnu tools arm embedded/4.9 2015q1/bin/../lib/gcc/arm-none-eabi/4.9.3/../../../../arm-none-eabi/lib/armv7e-m\libm.a(lib_a-s_floor.o)
                0x08004550                floor
 .text.scalbn   0x08004668      0x108 c:/program files (x86)/gnu tools arm embedded/4.9 2015q1/bin/../lib/gcc/arm-none-eabi/4.9.3/../../../../arm-none-eabi/lib/armv7e-m\libm.a(lib_a-s_scalbn.o)
                0x08004668                scalbn
 .text.copysign
                0x08004770       0x10 c:/program files (x86)/gnu tools arm embedded/4.9 2015q1/bin/../lib/gcc/arm-none-eabi/4.9.3/../../../../arm-none-eabi/lib/armv7e-m\libm.a(lib_a-s_copysign.o)
                0x08004770                copysign
 .text          0x08004780      0x370 c:/program files (x86)/gnu tools arm embedded/4.9 2015q1/bin/../lib/gcc/arm-none-eabi/4.9.3/armv7e-m\libgcc.a(_arm_addsubdf3.o)
                0x08004780                __aeabi_drsub
                0x08004788                __aeabi_dsub
                0x08004788                __subdf3
                0x0800478c                __aeabi_dadd
                0x0800478c                __adddf3
                0x08004a04                __floatunsidf
                0x08004a04                __aeabi_ui2d
                0x08004a24                __floatsidf
                0x08004a24                __aeabi_i2d
                0x08004a48                __aeabi_f2d
                0x08004a48                __extendsfdf2
                0x08004a84                __floatundidf
                0x08004a84                __aeabi_ul2d
                0x08004a94                __floatdidf
                0x08004a94                __aeabi_l2d
 .text          0x08004af0      0x424 c:/program files (x86)/gnu tools arm embedded/4.9 2015q1/bin/../lib/gcc/arm-none-eabi/4.9.3/armv7e-m\libgcc.a(_arm_muldivdf3.o)
                0x08004af0                __aeabi_dmul
                0x08004af0                __muldf3
                0x08004d44                __divdf3
                0x08004d44                __aeabi_ddiv
 .text          0x08004f14      0x110 c:/program files (x86)/gnu tools arm embedded/4.9 2015q1/bin/../lib/gcc/arm-none-eabi/4.9.3/armv7e-m\libgcc.a(_arm_cmpdf2.o)
                0x08004f14                __gtdf2
                0x08004f14                __gedf2
                0x08004f1c                __ltdf2
                0x08004f1c                __ledf2
                0x08004f24                __nedf2
                0x08004f24                __eqdf2
                0x08004f24                __cmpdf2
                0x08004fa0                __aeabi_cdrcmple
                0x08004fb0                __aeabi_cdcmpeq
                0x08004fb0                __aeabi_cdcmple
                0x08004fc0                __aeabi_dcmpeq
                0x08004fd4                __aeabi_dcmplt
                0x08004fe8                __aeabi_dcmple
                0x08004ffc                __aeabi_dcmpge
                0x08005010                __aeabi_dcmpgt
 .text          0x08005024       0x50 c:/program files (x86)/gnu tools arm embedded/4.9 2015q1/bin/../lib/gcc/arm-none-eabi/4.9.3/armv7e-m\libgcc.a(_arm_fixdfsi.o)
                0x08005024                __aeabi_d2iz
                0x08005024                __fixdfsi
 .text          0x08005074       0x40 c:/program files (x86)/gnu tools arm embedded/4.9 2015q1/bin/../lib/gcc/arm-none-eabi/4.9.3/armv7e-m\libgcc.a(_arm_fixunsdfsi.o)
                0x08005074                __aeabi_d2uiz
                0x08005074                __fixunsdfsi
 *(.init)
 *(.fini)
 *crtbegin.o(.ctors)
 *crtbegin?.o(.ctors)
 *(EXCLUDE_FILE(*crtend.o *crtend?.o) .ctors)
 *(SORT(.ctors.*))
 *(.ctors)
 *crtbegin.o(.dtors)
 *crtbegin?.o(.dtors)
 *(EXCLUDE_FILE(*crtend.o *crtend?.o) .dtors)
 *(SORT(.dtors.*))
 *(.dtors)
 *(.rodata*)
 .rodata.npio2_hw
                0x080050b4       0x80 c:/program files (x86)/gnu tools arm embedded/4.9 2015q1/bin/../lib/gcc/arm-none-eabi/4.9.3/../../../../arm-none-eabi/lib/armv7e-m\libm.a(lib_a-e_rem_pio2.o)
 .rodata.two_over_pi
                0x08005134      0x108 c:/program files (x86)/gnu tools arm embedded/4.9 2015q1/bin/../lib/gcc/arm-none-eabi/4.9.3/../../../../arm-none-eabi/lib/armv7e-m\libm.a(lib_a-e_rem_pio2.o)
 .rodata.init_jk
                0x0800523c       0x10 c:/program files (x86)/gnu tools arm embedded/4.9 2015q1/bin/../lib/gcc/arm-none-eabi/4.9.3/../../../../arm-none-eabi/lib/armv7e-m\libm.a(lib_a-k_rem_pio2.o)
 *fill*         0x0800524c        0x4 
 .rodata.PIo2   0x08005250       0x40 c:/program files (x86)/gnu tools arm embedded/4.9 2015q1/bin/../lib/gcc/arm-none-eabi/4.9.3/../../../../arm-none-eabi/lib/armv7e-m\libm.a(lib_a-k_rem_pio2.o)
 .rodata.atanlo
                0x08005290       0x20 c:/program files (x86)/gnu tools arm embedded/4.9 2015q1/bin/../lib/gcc/arm-none-eabi/4.9.3/../../../../arm-none-eabi/lib/armv7e-m\libm.a(lib_a-s_atan.o)
 .rodata.atanhi
                0x080052b0       0x20 c:/program files (x86)/gnu tools arm embedded/4.9 2015q1/bin/../lib/gcc/arm-none-eabi/4.9.3/../../../../arm-none-eabi/lib/armv7e-m\libm.a(lib_a-s_atan.o)
 *(.eh_fram e*)

.glue_7         0x080052d0        0x0
 .glue_7        0x00000000        0x0 linker stubs

.glue_7t        0x080052d0        0x0
 .glue_7t       0x00000000        0x0 linker stubs

.vfp11_veneer   0x080052d0        0x0
 .vfp11_veneer  0x00000000        0x0 linker stubs

.v4_bx          0x080052d0        0x0
 .v4_bx         0x00000000        0x0 linker stubs

.iplt           0x080052d0        0x0
 .iplt          0x00000000        0x0 ..\obj\stm32f30x_rcc.o

.rel.dyn        0x080052d0        0x0
 .rel.iplt      0x00000000        0x0 ..\obj\stm32f30x_rcc.o

.ARM.extab
 *(.ARM.extab* .gnu.linkonce.armextab.*)
                0x080052d0                __exidx_start = .

.ARM.exidx
 *(.ARM.exidx* .gnu.linkonce.armexidx.*)
                0x080052d0                __exidx_end = .
                0x080052d0                __etext = .
                0x080052d0                _sidata = __etext

.data           0x20000000       0x48 load address 0x080052d0
                0x20000000                __data_start__ = .
                0x20000000                _sdata = __data_start__
 *(vtable)
 *(.data*)
 .data          0x20000000       0x2c ..\obj\stm32f30x_rcc.o
 .data          0x2000002c        0x8 ..\obj\main.o
                0x2000002c                t
                0x20000030                dir
 .data          0x20000034       0x14 ..\obj\system_stm32f30x_temp.o
                0x20000034                SystemCoreClock
                0x20000038                AHBPrescTable
                0x20000048                . = ALIGN (0x4)
                0x20000048                PROVIDE (__preinit_array_start, .)
 *(.preinit_array)
                0x20000048                PROVIDE (__preinit_array_end, .)
                0x20000048                . = ALIGN (0x4)
                0x20000048                PROVIDE (__init_array_start, .)
 *(SORT(.init_array.*))
 *(.init_array)
                0x20000048                PROVIDE (__init_array_end, .)
                0x20000048                . = ALIGN (0x4)
                0x20000048                PROVIDE (__fini_array_start, .)
 *(SORT(.fini_array.*))
 *(.fini_array)
                0x20000048                PROVIDE (__fini_array_end, .)
 *(.jcr*)
                0x20000048                . = ALIGN (0x4)
                0x20000048                __data_end__ = .
                0x20000048                _edata = __data_end__

.igot.plt       0x20000048        0x0 load address 0x08005318
 .igot.plt      0x00000000        0x0 ..\obj\stm32f30x_rcc.o

.bss            0x20000048      0x168 load address 0x08005318
                0x20000048                . = ALIGN (0x4)
                0x20000048                __bss_start__ = .
                0x20000048                _sbss = __bss_start__
 *(.bss*)
 .bss           0x20000048        0xc ..\obj\conf.o
                0x20000048                Kanan_prv
                0x2000004a                Kiri_prv
                0x2000004c                CounterR
                0x20000050                CounterL
 *fill*         0x20000054        0x4 
 .bss           0x20000058       0xb0 ..\obj\main.o
                0x20000058                qr
                0x20000060                qr_prv
                0x20000068                ql
                0x20000070                ql_prv
                0x20000078                x
                0x20000080                y
                0x20000088                x_cmd
                0x20000090                y_cmd
                0x20000098                shi
                0x200000a0                ddshi
                0x200000a8                shi_old
                0x200000b0                shi_init
                0x200000b8                dshi
                0x200000c0                dshi_d
                0x200000c8                dx
                0x200000d0                dy
                0x200000d8                dqr
                0x200000e0                dql
                0x200000e8                sudut
                0x200000f0                kanan
                0x200000f8                kiri
                0x20000100                a
                0x20000104                jalan
 *(COMMON)
 COMMON         0x20000108       0xa8 ..\obj\main.o
                0x20000108                ddql_ref
                0x20000110                jarak1
                0x20000118                x_init
                0x20000120                ddx_ref
                0x20000128                ddshi_ref
                0x20000130                speed_kiri
                0x20000138                temp
                0x20000140                ddqr_ref
                0x20000148                shi_d
                0x20000150                servo
                0x20000158                ddy_ref
                0x20000160                v
                0x20000168                y_d
                0x20000170                dx_d
                0x20000178                jarak2
                0x20000180                x_d
                0x20000188                wr
                0x20000190                wl
                0x20000198                y_init
                0x200001a0                speed_kanan
                0x200001a8                dy_d
                0x200001b0                . = ALIGN (0x4)
                0x200001b0                __bss_end__ = .
                0x200001b0                _ebss = __bss_end__

.heap           0x200001b0        0x0
                0x200001b0                __end__ = .
                0x200001b0                _end = __end__
                0x200001b0                end = __end__
 *(.heap*)
                0x200001b0                __HeapLimit = .

.co_stack       0x200001b0        0x0
                0x200001b0                . = ALIGN (0x8)
 *(.co_stack .co_stack.*)
                0x2000a000                __StackTop = (ORIGIN (ram) + 0xa000)
                0x2000a000                __StackLimit = (__StackTop - SIZEOF (.co_stack))
                0x2000a000                PROVIDE (__stack, __StackTop)
                0x00000001                ASSERT ((__StackLimit >= __HeapLimit), region ram  overflowed with stack)
LOAD ..\obj\stm32f30x_rcc.o
LOAD ..\obj\conf.o
LOAD ..\obj\stm32f30x_gpio.o
LOAD ..\obj\main.o
LOAD ..\obj\system_stm32f30x_temp.o
LOAD ..\obj\stm32f30x_misc.o
LOAD ..\obj\stm32f30x_tim.o
LOAD ..\obj\startup_stm32f30x.o
LOAD ..\obj\stm32f30x_usart.o
LOAD c:/program files (x86)/gnu tools arm embedded/4.9 2015q1/bin/../lib/gcc/arm-none-eabi/4.9.3/../../../../arm-none-eabi/lib/armv7e-m\libm.a
LOAD c:/program files (x86)/gnu tools arm embedded/4.9 2015q1/bin/../lib/gcc/arm-none-eabi/4.9.3/armv7e-m\libgcc.a
LOAD c:/program files (x86)/gnu tools arm embedded/4.9 2015q1/bin/../lib/gcc/arm-none-eabi/4.9.3/../../../../arm-none-eabi/lib/armv7e-m\libc.a
START GROUP
LOAD c:/program files (x86)/gnu tools arm embedded/4.9 2015q1/bin/../lib/gcc/arm-none-eabi/4.9.3/armv7e-m\libgcc.a
LOAD c:/program files (x86)/gnu tools arm embedded/4.9 2015q1/bin/../lib/gcc/arm-none-eabi/4.9.3/../../../../arm-none-eabi/lib/armv7e-m\libg.a
LOAD c:/program files (x86)/gnu tools arm embedded/4.9 2015q1/bin/../lib/gcc/arm-none-eabi/4.9.3/../../../../arm-none-eabi/lib/armv7e-m\libc.a
END GROUP
OUTPUT(Mekatron.elf elf32-littlearm)

.debug_info     0x00000000     0x5f99
 .debug_info    0x00000000      0xaac ..\obj\stm32f30x_rcc.o
 .debug_info    0x00000aac      0x90b ..\obj\conf.o
 .debug_info    0x000013b7      0x5fa ..\obj\stm32f30x_gpio.o
 .debug_info    0x000019b1      0xb2f ..\obj\main.o
 .debug_info    0x000024e0      0x498 ..\obj\system_stm32f30x_temp.o
 .debug_info    0x00002978      0x53d ..\obj\stm32f30x_misc.o
 .debug_info    0x00002eb5     0x2184 ..\obj\stm32f30x_tim.o
 .debug_info    0x00005039       0xa4 ..\obj\startup_stm32f30x.o
 .debug_info    0x000050dd      0xebc ..\obj\stm32f30x_usart.o

.debug_abbrev   0x00000000      0xc4d
 .debug_abbrev  0x00000000      0x1e3 ..\obj\stm32f30x_rcc.o
 .debug_abbrev  0x000001e3      0x1b9 ..\obj\conf.o
 .debug_abbrev  0x0000039c      0x194 ..\obj\stm32f30x_gpio.o
 .debug_abbrev  0x00000530      0x1a5 ..\obj\main.o
 .debug_abbrev  0x000006d5      0x145 ..\obj\system_stm32f30x_temp.o
 .debug_abbrev  0x0000081a      0x145 ..\obj\stm32f30x_misc.o
 .debug_abbrev  0x0000095f      0x187 ..\obj\stm32f30x_tim.o
 .debug_abbrev  0x00000ae6       0x12 ..\obj\startup_stm32f30x.o
 .debug_abbrev  0x00000af8      0x155 ..\obj\stm32f30x_usart.o

.debug_aranges  0x00000000      0x870
 .debug_aranges
                0x00000000      0x150 ..\obj\stm32f30x_rcc.o
 .debug_aranges
                0x00000150       0x70 ..\obj\conf.o
 .debug_aranges
                0x000001c0       0x80 ..\obj\stm32f30x_gpio.o
 .debug_aranges
                0x00000240       0x50 ..\obj\main.o
 .debug_aranges
                0x00000290       0x30 ..\obj\system_stm32f30x_temp.o
 .debug_aranges
                0x000002c0       0x40 ..\obj\stm32f30x_misc.o
 .debug_aranges
                0x00000300      0x3a8 ..\obj\stm32f30x_tim.o
 .debug_aranges
                0x000006a8       0x28 ..\obj\startup_stm32f30x.o
 .debug_aranges
                0x000006d0      0x1a0 ..\obj\stm32f30x_usart.o

.debug_ranges   0x00000000      0x7e8
 .debug_ranges  0x00000000      0x140 ..\obj\stm32f30x_rcc.o
 .debug_ranges  0x00000140       0x60 ..\obj\conf.o
 .debug_ranges  0x000001a0       0x70 ..\obj\stm32f30x_gpio.o
 .debug_ranges  0x00000210       0x40 ..\obj\main.o
 .debug_ranges  0x00000250       0x20 ..\obj\system_stm32f30x_temp.o
 .debug_ranges  0x00000270       0x30 ..\obj\stm32f30x_misc.o
 .debug_ranges  0x000002a0      0x398 ..\obj\stm32f30x_tim.o
 .debug_ranges  0x00000638       0x20 ..\obj\startup_stm32f30x.o
 .debug_ranges  0x00000658      0x190 ..\obj\stm32f30x_usart.o

.debug_line     0x00000000     0x274e
 .debug_line    0x00000000      0x591 ..\obj\stm32f30x_rcc.o
 .debug_line    0x00000591      0x3ad ..\obj\conf.o
 .debug_line    0x0000093e      0x323 ..\obj\stm32f30x_gpio.o
 .debug_line    0x00000c61      0x38b ..\obj\main.o
 .debug_line    0x00000fec      0x1f8 ..\obj\system_stm32f30x_temp.o
 .debug_line    0x000011e4      0x254 ..\obj\stm32f30x_misc.o
 .debug_line    0x00001438      0xc5b ..\obj\stm32f30x_tim.o
 .debug_line    0x00002093       0xa5 ..\obj\startup_stm32f30x.o
 .debug_line    0x00002138      0x616 ..\obj\stm32f30x_usart.o

.debug_str      0x00000000     0x2848
 .debug_str     0x00000000      0x768 ..\obj\stm32f30x_rcc.o
                                0x7f9 (size before relaxing)
 .debug_str     0x00000768      0x550 ..\obj\conf.o
                                0x6de (size before relaxing)
 .debug_str     0x00000cb8      0x17e ..\obj\stm32f30x_gpio.o
                                0x4a4 (size before relaxing)
 .debug_str     0x00000e36      0x5c5 ..\obj\main.o
                                0x91a (size before relaxing)
 .debug_str     0x000013fb       0xee ..\obj\system_stm32f30x_temp.o
                                0x30f (size before relaxing)
 .debug_str     0x000014e9      0x166 ..\obj\stm32f30x_misc.o
                                0x3d3 (size before relaxing)
 .debug_str     0x0000164f      0xb94 ..\obj\stm32f30x_tim.o
                                0xf7c (size before relaxing)
 .debug_str     0x000021e3      0x665 ..\obj\stm32f30x_usart.o
                                0xa04 (size before relaxing)

.comment        0x00000000       0x70
 .comment       0x00000000       0x70 ..\obj\stm32f30x_rcc.o
                                 0x71 (size before relaxing)
 .comment       0x00000000       0x71 ..\obj\conf.o
 .comment       0x00000000       0x71 ..\obj\stm32f30x_gpio.o
 .comment       0x00000000       0x71 ..\obj\main.o
 .comment       0x00000000       0x71 ..\obj\system_stm32f30x_temp.o
 .comment       0x00000000       0x71 ..\obj\stm32f30x_misc.o
 .comment       0x00000000       0x71 ..\obj\stm32f30x_tim.o
 .comment       0x00000000       0x71 ..\obj\stm32f30x_usart.o

.ARM.attributes
                0x00000000       0x31
 .ARM.attributes
                0x00000000       0x33 ..\obj\stm32f30x_rcc.o
 .ARM.attributes
                0x00000033       0x33 ..\obj\conf.o
 .ARM.attributes
                0x00000066       0x33 ..\obj\stm32f30x_gpio.o
 .ARM.attributes
                0x00000099       0x33 ..\obj\main.o
 .ARM.attributes
                0x000000cc       0x33 ..\obj\system_stm32f30x_temp.o
 .ARM.attributes
                0x000000ff       0x33 ..\obj\stm32f30x_misc.o
 .ARM.attributes
                0x00000132       0x33 ..\obj\stm32f30x_tim.o
 .ARM.attributes
                0x00000165       0x21 ..\obj\startup_stm32f30x.o
 .ARM.attributes
                0x00000186       0x33 ..\obj\stm32f30x_usart.o
 .ARM.attributes
                0x000001b9       0x2e c:/program files (x86)/gnu tools arm embedded/4.9 2015q1/bin/../lib/gcc/arm-none-eabi/4.9.3/../../../../arm-none-eabi/lib/armv7e-m\libm.a(lib_a-s_cos.o)
 .ARM.attributes
                0x000001e7       0x2e c:/program files (x86)/gnu tools arm embedded/4.9 2015q1/bin/../lib/gcc/arm-none-eabi/4.9.3/../../../../arm-none-eabi/lib/armv7e-m\libm.a(lib_a-s_sin.o)
 .ARM.attributes
                0x00000215       0x2e c:/program files (x86)/gnu tools arm embedded/4.9 2015q1/bin/../lib/gcc/arm-none-eabi/4.9.3/../../../../arm-none-eabi/lib/armv7e-m\libm.a(lib_a-w_atan2.o)
 .ARM.attributes
                0x00000243       0x2e c:/program files (x86)/gnu tools arm embedded/4.9 2015q1/bin/../lib/gcc/arm-none-eabi/4.9.3/../../../../arm-none-eabi/lib/armv7e-m\libm.a(lib_a-e_atan2.o)
 .ARM.attributes
                0x00000271       0x2e c:/program files (x86)/gnu tools arm embedded/4.9 2015q1/bin/../lib/gcc/arm-none-eabi/4.9.3/../../../../arm-none-eabi/lib/armv7e-m\libm.a(lib_a-e_rem_pio2.o)
 .ARM.attributes
                0x0000029f       0x2e c:/program files (x86)/gnu tools arm embedded/4.9 2015q1/bin/../lib/gcc/arm-none-eabi/4.9.3/../../../../arm-none-eabi/lib/armv7e-m\libm.a(lib_a-k_cos.o)
 .ARM.attributes
                0x000002cd       0x2e c:/program files (x86)/gnu tools arm embedded/4.9 2015q1/bin/../lib/gcc/arm-none-eabi/4.9.3/../../../../arm-none-eabi/lib/armv7e-m\libm.a(lib_a-k_rem_pio2.o)
 .ARM.attributes
                0x000002fb       0x2e c:/program files (x86)/gnu tools arm embedded/4.9 2015q1/bin/../lib/gcc/arm-none-eabi/4.9.3/../../../../arm-none-eabi/lib/armv7e-m\libm.a(lib_a-k_sin.o)
 .ARM.attributes
                0x00000329       0x2e c:/program files (x86)/gnu tools arm embedded/4.9 2015q1/bin/../lib/gcc/arm-none-eabi/4.9.3/../../../../arm-none-eabi/lib/armv7e-m\libm.a(lib_a-s_atan.o)
 .ARM.attributes
                0x00000357       0x2e c:/program files (x86)/gnu tools arm embedded/4.9 2015q1/bin/../lib/gcc/arm-none-eabi/4.9.3/../../../../arm-none-eabi/lib/armv7e-m\libm.a(lib_a-s_fabs.o)
 .ARM.attributes
                0x00000385       0x2e c:/program files (x86)/gnu tools arm embedded/4.9 2015q1/bin/../lib/gcc/arm-none-eabi/4.9.3/../../../../arm-none-eabi/lib/armv7e-m\libm.a(lib_a-s_floor.o)
 .ARM.attributes
                0x000003b3       0x2e c:/program files (x86)/gnu tools arm embedded/4.9 2015q1/bin/../lib/gcc/arm-none-eabi/4.9.3/../../../../arm-none-eabi/lib/armv7e-m\libm.a(lib_a-s_scalbn.o)
 .ARM.attributes
                0x000003e1       0x2e c:/program files (x86)/gnu tools arm embedded/4.9 2015q1/bin/../lib/gcc/arm-none-eabi/4.9.3/../../../../arm-none-eabi/lib/armv7e-m\libm.a(lib_a-s_copysign.o)
 .ARM.attributes
                0x0000040f       0x1e c:/program files (x86)/gnu tools arm embedded/4.9 2015q1/bin/../lib/gcc/arm-none-eabi/4.9.3/armv7e-m\libgcc.a(_arm_addsubdf3.o)
 .ARM.attributes
                0x0000042d       0x1e c:/program files (x86)/gnu tools arm embedded/4.9 2015q1/bin/../lib/gcc/arm-none-eabi/4.9.3/armv7e-m\libgcc.a(_arm_muldivdf3.o)
 .ARM.attributes
                0x0000044b       0x1e c:/program files (x86)/gnu tools arm embedded/4.9 2015q1/bin/../lib/gcc/arm-none-eabi/4.9.3/armv7e-m\libgcc.a(_arm_cmpdf2.o)
 .ARM.attributes
                0x00000469       0x1e c:/program files (x86)/gnu tools arm embedded/4.9 2015q1/bin/../lib/gcc/arm-none-eabi/4.9.3/armv7e-m\libgcc.a(_arm_fixdfsi.o)
 .ARM.attributes
                0x00000487       0x1e c:/program files (x86)/gnu tools arm embedded/4.9 2015q1/bin/../lib/gcc/arm-none-eabi/4.9.3/armv7e-m\libgcc.a(_arm_fixunsdfsi.o)

.debug_frame    0x00000000     0x2858
 .debug_frame   0x00000000      0x60c ..\obj\stm32f30x_rcc.o
 .debug_frame   0x0000060c      0x194 ..\obj\conf.o
 .debug_frame   0x000007a0      0x214 ..\obj\stm32f30x_gpio.o
 .debug_frame   0x000009b4       0xf8 ..\obj\main.o
 .debug_frame   0x00000aac       0x7c ..\obj\system_stm32f30x_temp.o
 .debug_frame   0x00000b28       0xd8 ..\obj\stm32f30x_misc.o
 .debug_frame   0x00000c00     0x11c4 ..\obj\stm32f30x_tim.o
 .debug_frame   0x00001dc4      0x7b0 ..\obj\stm32f30x_usart.o
 .debug_frame   0x00002574       0x38 c:/program files (x86)/gnu tools arm embedded/4.9 2015q1/bin/../lib/gcc/arm-none-eabi/4.9.3/../../../../arm-none-eabi/lib/armv7e-m\libm.a(lib_a-s_cos.o)
 .debug_frame   0x000025ac       0x38 c:/program files (x86)/gnu tools arm embedded/4.9 2015q1/bin/../lib/gcc/arm-none-eabi/4.9.3/../../../../arm-none-eabi/lib/armv7e-m\libm.a(lib_a-s_sin.o)
 .debug_frame   0x000025e4       0x20 c:/program files (x86)/gnu tools arm embedded/4.9 2015q1/bin/../lib/gcc/arm-none-eabi/4.9.3/../../../../arm-none-eabi/lib/armv7e-m\libm.a(lib_a-w_atan2.o)
 .debug_frame   0x00002604       0x48 c:/program files (x86)/gnu tools arm embedded/4.9 2015q1/bin/../lib/gcc/arm-none-eabi/4.9.3/../../../../arm-none-eabi/lib/armv7e-m\libm.a(lib_a-e_atan2.o)
 .debug_frame   0x0000264c       0x48 c:/program files (x86)/gnu tools arm embedded/4.9 2015q1/bin/../lib/gcc/arm-none-eabi/4.9.3/../../../../arm-none-eabi/lib/armv7e-m\libm.a(lib_a-e_rem_pio2.o)
 .debug_frame   0x00002694       0x4c c:/program files (x86)/gnu tools arm embedded/4.9 2015q1/bin/../lib/gcc/arm-none-eabi/4.9.3/../../../../arm-none-eabi/lib/armv7e-m\libm.a(lib_a-k_cos.o)
 .debug_frame   0x000026e0       0x54 c:/program files (x86)/gnu tools arm embedded/4.9 2015q1/bin/../lib/gcc/arm-none-eabi/4.9.3/../../../../arm-none-eabi/lib/armv7e-m\libm.a(lib_a-k_rem_pio2.o)
 .debug_frame   0x00002734       0x48 c:/program files (x86)/gnu tools arm embedded/4.9 2015q1/bin/../lib/gcc/arm-none-eabi/4.9.3/../../../../arm-none-eabi/lib/armv7e-m\libm.a(lib_a-k_sin.o)
 .debug_frame   0x0000277c       0x38 c:/program files (x86)/gnu tools arm embedded/4.9 2015q1/bin/../lib/gcc/arm-none-eabi/4.9.3/../../../../arm-none-eabi/lib/armv7e-m\libm.a(lib_a-s_atan.o)
 .debug_frame   0x000027b4       0x20 c:/program files (x86)/gnu tools arm embedded/4.9 2015q1/bin/../lib/gcc/arm-none-eabi/4.9.3/../../../../arm-none-eabi/lib/armv7e-m\libm.a(lib_a-s_fabs.o)
 .debug_frame   0x000027d4       0x34 c:/program files (x86)/gnu tools arm embedded/4.9 2015q1/bin/../lib/gcc/arm-none-eabi/4.9.3/../../../../arm-none-eabi/lib/armv7e-m\libm.a(lib_a-s_floor.o)
 .debug_frame   0x00002808       0x30 c:/program files (x86)/gnu tools arm embedded/4.9 2015q1/bin/../lib/gcc/arm-none-eabi/4.9.3/../../../../arm-none-eabi/lib/armv7e-m\libm.a(lib_a-s_scalbn.o)
 .debug_frame   0x00002838       0x20 c:/program files (x86)/gnu tools arm embedded/4.9 2015q1/bin/../lib/gcc/arm-none-eabi/4.9.3/../../../../arm-none-eabi/lib/armv7e-m\libm.a(lib_a-s_copysign.o)
